Timing Resolution (pulses per quarter note)
4

Instrument,105,,

Tick,Note(0-127),Velocity(0-127),
0,45,1
32,45,1
