Timing Resolution (pulses per quarter note)
4

Instrument,105,,

Tick,Note(0-127),Velocity(0-127),Length,
0,67,80,8
0,60,80,8
0,55,80,8
0,48,80,8
