Timing Resolution (pulses per quarter note)
4

Instrument,120,,

Tick,Note(0-127),Velocity(0-127),
0,48,2
16,55,2
