Timing Resolution (pulses per quarter note)
4

Instrument,0,,

Tick,Note(0-127),Velocity(0-127),Length,
0,48,80,8
8,48,80,8
