Timing Resolution (pulses per quarter note)
4

Instrument,105,,

Tick,Note(0-127),Velocity(0-127),
0,48,2
16,48,2
32,48,2
48,48,2
